// Jest Snapshot v1, https://goo.gl/fbAQLP

exports[`renders homepage with e2e fixtures unchanged 1`] = `
<div>
  <div
    class="bg-white p-4 rounded-lg shadow-md mb-4 flex"
  >
    <input
      class="w-full p-2 border border-gray-300 rounded-lg focus:outline-none focus:ring-2 focus:ring-blue-400"
      placeholder="Add a new note..."
      type="text"
      value=""
    />
    <div>
      <button
        class="ml-2 p-2 border border-gray-300 rounded-lg focus:outline-none focus:ring-2 focus:ring-blue-400"
        id="menuButton"
      >
        <svg
          class="w-6 h-6 text-gray-700"
          fill="none"
          stroke="currentColor"
          viewBox="0 0 24 24"
          xmlns="http://www.w3.org/2000/svg"
        >
          <path
            d="M4 6h16M4 12h16M4 18h16"
            stroke-linecap="round"
            stroke-linejoin="round"
            stroke-width="2"
          />
        </svg>
      </button>
      <div
        class="hidden absolute right-0 mt-2 w-48 bg-white border border-gray-200 rounded-lg shadow-lg"
        id="menuDropdown"
      >
        <a
          class="block px-4 py-2 text-gray-800 hover:bg-gray-200"
          href="#"
          id="download-note-json"
        >
          Download notes
        </a>
      </div>
    </div>
  </div>
  <div
    class="space-y-4"
  >
    <div
      class="bg-white p-4 rounded-lg shadow-md"
    >
      <input
        type="text"
        value="NewnotNewnote"
      />
      <ul
        class="ml-2"
      >
        <li>
          <span
            class="p-1"
          >
            <input
              class="pl-1"
              type="text"
              value="+"
            />
            <input
              type="text"
              value="This note supports the Newnote topic"
            />
          </span>
          <ul
            class="ml-2"
          />
        </li>
        <li>
          <span
            class="p-1"
          >
            <input
              class="pl-1"
              type="text"
              value="-"
            />
            <input
              type="text"
              value="This not opposes the Newnote topic"
            />
          </span>
          <ul
            class="ml-2"
          />
        </li>
        <li>
          <span
            class="p-1"
          >
            <input
              class="pl-1"
              type="text"
              value=""
            />
            <input
              type="text"
              value="This note is related"
            />
          </span>
          <ul
            class="ml-2"
          >
            <li>
              <span
                class="p-1"
              >
                <input
                  class="pl-1"
                  type="text"
                  value="+"
                />
                <input
                  type="text"
                  value="This note supports the related note"
                />
              </span>
              <ul
                class="ml-2"
              />
            </li>
          </ul>
        </li>
      </ul>
    </div>
    <div
      class="bg-white p-4 rounded-lg shadow-md"
    >
      <input
        type="text"
        value="Helloagain!"
      />
    </div>
    <div
      class="bg-white p-4 rounded-lg shadow-md"
    >
      <input
        type="text"
        value="This is the root note"
      />
    </div>
  </div>
</div>
`;
